== importing examples/ ==
  symbols=2 footprints=1 components=0 cad=2 schematics=3 pcbs=1 docs=2
[PASS] dir import ok Scanned examples
[PASS] kicad symbol imported Device:R
[PASS] kicad footprint imported R_0603_1608Metric
[PASS] schematic imported (>=1) sample.kicad_sch
[PASS] pcb imported (>=1) sample.kicad_pcb
[PASS] cad models (>=2: stl+obj) sample.stl + sample.obj
[PASS] netlist schematic (>=3) sample.net + sample.cir
[PASS] docs (>=2: md+csv) sample.md + sample.csv
  schematic[0]=netlist insts=5 wires=0 labels=5
  pcb[0]=sample outline=4 fps=1 tracks=2 vias=1
[PASS] pcb outline closed (>=4) board rect
[PASS] pcb has 1 fp + 2 tracks + 1 via R1

== building zip in memory ==
[PASS] zip writer init C:\Users\realc\AppData\Local\Temp\llama_test_85265250.zip
[PASS] zip written C:\Users\realc\AppData\Local\Temp\llama_test_85265250.zip
[PASS] zip import ok Imported 2 file(s) from zip
[PASS] zip doc extracted (csv->doc) nested/data.csv
[PASS] zip schematic extracted nested/sch/sample.kicad_sch

== building minimal docx in memory ==
[PASS] docx import ok Imported document llama_test_85265578
[PASS] docx text parsed LM358 in text

== design module ==
[PASS] material lib has built-ins Al/Steel/Ti/Cu/ABS/PLA/Nylon/Acrylic/FR4/Alumina
[PASS] material find (case-insensitive) Aluminum 6061
[PASS] material density ~2.70 g/cm3
[PASS] feature box mesh box 20x10x5
[PASS] feature cylinder mesh cyl r5 h20
[PASS] feature sphere mesh sphere r6
[PASS] design build assembly (3 cad) 3 pushed into project
[PASS] box volume ~1000 mm3 20*10*5
[PASS] box mass ~2.70 g 2.70 g/cm3 * 1 cm3
[PASS] centroid ~origin centered
[PASS] bom text non-empty Bill of Materials
=================


PCB 'sample': 1 footprint(s)
    R1  R_0603_1608Metric


== generative design (SIMP topopt) ==
[PASS] gen design run 32x20 grid, volfrac 0.4
[PASS] gen design has material 0 < solid < total
[PASS] gen design mesh voxel boxes

== assembly joints ==
[PASS] demo assembly built robot-demo
[PASS] joint added revolute
[PASS] joint motion changes transform clock advances angle
[PASS] clock advanced dt=2s

== STL export round-trip ==
[PASS] stl write C:\Users\realc\AppData\Local\Temp\llama_test_85269859.stl
[PASS] stl read back binary stl

== slicer ==
[PASS] slice input mesh 20mm cube
[PASS] slice 20mm cube default settings
[PASS] layer count ~100 20mm / 0.2mm + 1
[PASS] perimeter paths present outer + inset loops
[PASS] infill paths present grid infill
[PASS] solid top/bottom present solid_bottom/top layers
[PASS] statistics sane dist/filament/time
[PASS] top layer solid solid_top_layers=3
[PASS] poly_offset inset square 10mm square -1mm
[PASS] inset width ~8mm 10mm - 2*1mm
[PASS] gcode emit C:\Users\realc\AppData\Local\Temp\llama_test_85270562.gcode
[PASS] gcode non-empty 
[PASS] gcode has temps M109/M190
[PASS] gcode has AMS tool T0-3 random tool
[PASS] gcode has M600 color change
[PASS] gcode has layer markers 
[PASS] gcode has G28 home 
[PASS] random tool in range tools=4
[PASS] no tool when disabled tools=0/random_color=0

== print farm ==
[PASS] farm slice mesh 20mm cube
[PASS] farm printers added A(4 slots PLA) + B(single)
[PASS] farm jobs added 3 jobs
[PASS] farm order added 3 jobs -> 4 units
[PASS] farm spools added PLA 100m + ABS 50m
[PASS] farm file added tagged file
[PASS] farm scan store ran base_dir scan
[PASS] ABS job routed to printer-B filament compatibility
[PASS] PLA job routed to printer-A filament compatibility
[PASS] 3rd job stays queued (all busy) smart scheduler
[PASS] AMS mapping resolves PLA job printer-B has no AMS slots
[PASS] job0 pinned to color slot 1 color_index=1
[PASS] anomaly flags clean on cube healthy part
[PASS] anomaly flags on empty result no layers
[PASS] spaghetti detected on collapse sudden 40% drop
[PASS] farm batch generated build\farm\batch_85271640.gcode
[PASS] farm batch gcode non-empty 
[PASS] farm batch job markers start/end
[PASS] farm batch eject + release temp auto-eject
[PASS] farm batch mapped tool AMS slot 1
[PASS] farm batch completion 
[PASS] job0 finished by batch bookkeeping
[PASS] spool PLA deducted 2 units deducted
[PASS] order progress tracked 2 units done
[PASS] printer A hours advanced est time accumulated
[PASS] farm stats report report text
[PASS] farm save build\farm\farm.json
[PASS] farm load 
[PASS] reload printer/job/spool counts counts
[PASS] reload order restored order
[PASS] reload job status job0 done

== co-design: PCB <-> CAD, CAD -> print ==
[PASS] pcb enclosure mesh floor+walls+standoffs+lid
[PASS] enclosure dimensions sane 28x28x~16mm shell
[PASS] enclosure linked to pcb assembly with PART_PCB + PART_CAD
[PASS] assembly places pcb inside enclosure co-design link
[PASS] pcb raised onto standoffs z = floor+standoff+pcb/2
[PASS] enclosure cad model findable sample
[PASS] print designed enclosure (CAD->slicer) C:\Users\realc\AppData\Local\Temp\llama_test_85272718.gcode
[PASS] enclosure gcode written 
[PASS] enclosure gcode temps 
[PASS] print enclosure via pcb id 
[PASS] gcode_slice_and_emit cube 
[PASS] co-design note recorded project note

== save + reload ==
[PASS] project saved to build\test_project\project.json 
[PASS] project reloaded 
[PASS] reload counts match (symbols) 
[PASS] reload counts match (schematics) 
[PASS] reload counts match (pcbs) 
[PASS] reload counts match (cad) 
[PASS] reload counts match (docs) 

== RESULT: PASS (failures=0) ==
